// Jest Snapshot v1, https://goo.gl/fbAQLP

exports[`SatFormat renders and matches snapshot 1`] = `
<DocumentFragment>
  <span
    class="sat-format"
    title="Bitcoin Satoshis"
  >
    <i
      aria-hidden="true"
      class="fak fa-satoshisymbol-solid sat-symbol"
    />
    420
  </span>
</DocumentFragment>
`;
